// Jest Snapshot v1, https://goo.gl/fbAQLP

exports[`SideBar render "SideBar" 1`] = `ShallowWrapper {}`;
