// Jest Snapshot v1, https://goo.gl/fbAQLP

exports[`ContactEmployeeModal render "ContactEmployeeModal" 1`] = `ShallowWrapper {}`;
