// Jest Snapshot v1, https://goo.gl/fbAQLP

exports[`<DetailsRequestModal /> render "DetailsRequestModal" 1`] = `ShallowWrapper {}`;
