// Jest Snapshot v1, https://goo.gl/fbAQLP

exports[`<SignIn></SignIn> render "Registrarse" 1`] = `ShallowWrapper {}`;
