// Jest Snapshot v1, https://goo.gl/fbAQLP

exports[`<SocialProfile></SocialProfile> render \`ProfileCard\` 1`] = `ShallowWrapper {}`;
