// Jest Snapshot v1, https://goo.gl/fbAQLP

exports[`<DialogLogin /> render DialogLogin 1`] = `ShallowWrapper {}`;
