// Jest Snapshot v1, https://goo.gl/fbAQLP

exports[`<DialogDelete /> render DialogLogin 1`] = `ShallowWrapper {}`;
