// Jest Snapshot v1, https://goo.gl/fbAQLP

exports[`NavBar render "NavBar" 1`] = `ShallowWrapper {}`;
