// Jest Snapshot v1, https://goo.gl/fbAQLP

exports[`<Home /> render "Home" 1`] = `ShallowWrapper {}`;
