// Jest Snapshot v1, https://goo.gl/fbAQLP

exports[`<SolicitedServices /> render "SolicitedServices" 1`] = `ShallowWrapper {}`;
