// Jest Snapshot v1, https://goo.gl/fbAQLP

exports[`UseFilterSelect render "UseFilterSelect" 1`] = `ShallowWrapper {}`;
