// Jest Snapshot v1, https://goo.gl/fbAQLP

exports[`UseLocations render "UseLocations" 1`] = `ShallowWrapper {}`;
