// Jest Snapshot v1, https://goo.gl/fbAQLP

exports[`ServiceModal render "ServiceModal" 1`] = `ShallowWrapper {}`;
