// Jest Snapshot v1, https://goo.gl/fbAQLP

exports[`ServiceEditModal render "ServiceEditModal" 1`] = `ShallowWrapper {}`;
