// Jest Snapshot v1, https://goo.gl/fbAQLP

exports[`SearchField render "SearchField" 1`] = `ShallowWrapper {}`;
