// Jest Snapshot v1, https://goo.gl/fbAQLP

exports[`<ServiceCard></ServiceCard> render "ServiceCard" 1`] = `ShallowWrapper {}`;
