// Jest Snapshot v1, https://goo.gl/fbAQLP

exports[`<ServiceDetailsCard></ServiceDetailsCard> render "ServiceDetailsCard" 1`] = `ShallowWrapper {}`;
