// Jest Snapshot v1, https://goo.gl/fbAQLP

exports[`<WorkerDetailsCard></WorkerDetailsCard> render "WorkerDetailsCard" 1`] = `ShallowWrapper {}`;
