// Jest Snapshot v1, https://goo.gl/fbAQLP

exports[`InfoService render "InfoService" 1`] = `ShallowWrapper {}`;
