// Jest Snapshot v1, https://goo.gl/fbAQLP

exports[`NestedList render "NestedList" 1`] = `ShallowWrapper {}`;
