// Jest Snapshot v1, https://goo.gl/fbAQLP

exports[`<NotificationList /> render "NotificationList" 1`] = `ShallowWrapper {}`;
