// Jest Snapshot v1, https://goo.gl/fbAQLP

exports[`HeadingBar render "HeadingBar" 1`] = `ShallowWrapper {}`;
