// Jest Snapshot v1, https://goo.gl/fbAQLP

exports[`<TableServices /> render TableServices 1`] = `ShallowWrapper {}`;
