// Jest Snapshot v1, https://goo.gl/fbAQLP

exports[`<EditProfile></EditProfile> render "EditProfile" 1`] = `ShallowWrapper {}`;
