// Jest Snapshot v1, https://goo.gl/fbAQLP

exports[`<ManageServices></ManageServices> render \`ManageServices\` 1`] = `ShallowWrapper {}`;
