// Jest Snapshot v1, https://goo.gl/fbAQLP

exports[`<CustomizedTables></CustomizedTables> render "CustomizedTables" 1`] = `ShallowWrapper {}`;
