// Jest Snapshot v1, https://goo.gl/fbAQLP

exports[`<ClientCard></ClientCard> render "Client" 1`] = `ShallowWrapper {}`;
