// Jest Snapshot v1, https://goo.gl/fbAQLP

exports[`<ProfileServiceCard></ProfileServiceCard> render "ServiceDetailsCard" 1`] = `ShallowWrapper {}`;
