// Jest Snapshot v1, https://goo.gl/fbAQLP

exports[`<WorkerCard></WorkerCard> render "WorkerCard" 1`] = `ShallowWrapper {}`;
