// Jest Snapshot v1, https://goo.gl/fbAQLP

exports[`<SignUp></SignUp> render "SignUp" 1`] = `ShallowWrapper {}`;
