// Jest Snapshot v1, https://goo.gl/fbAQLP

exports[`InputField render "InputField" 1`] = `ShallowWrapper {}`;
